src/components/Toast.tsx(17,20): error TS7006: Parameter 'toast' implicitly has an 'any' type.
src/hooks/useRealtime.ts(74,46): error TS2339: Property 'some' does not exist on type '{}'.
src/hooks/useRealtime.ts(76,72): error TS2488: Type '{}' must have a '[Symbol.iterator]()' method that returns an iterator.
src/screens/admin/ManageHotelScreen.tsx(292,23): error TS7006: Parameter 'hotel' implicitly has an 'any' type.
src/screens/auth/SignupScreen.tsx(99,9): error TS2353: Object literal may only specify known properties, and 'invitationToken' does not exist in type 'SignUpData'.
src/screens/details/AdvanceCollectionScreen.tsx(149,48): error TS7006: Parameter 'c' implicitly has an 'any' type.
src/screens/details/AdvanceCollectionScreen.tsx(150,29): error TS7006: Parameter 'contrib' implicitly has an 'any' type.
src/screens/details/AdvanceCollectionScreen.tsx(152,58): error TS7006: Parameter 'c' implicitly has an 'any' type.
src/screens/details/AdvanceCollectionScreen.tsx(240,27): error TS7006: Parameter 'reason' implicitly has an 'any' type.
src/screens/details/AdvanceCollectionScreen.tsx(255,55): error TS7006: Parameter 'c' implicitly has an 'any' type.
src/screens/details/AdvanceCollectionScreen.tsx(256,58): error TS7006: Parameter 'c' implicitly has an 'any' type.
src/screens/details/AdvanceCollectionScreen.tsx(289,33): error TS7006: Parameter 'member' implicitly has an 'any' type.
src/screens/details/AdvanceCollectionScreen.tsx(366,34): error TS7006: Parameter 'collection' implicitly has an 'any' type.
src/screens/details/AdvanceCollectionScreen.tsx(368,15): error TS7006: Parameter 'c' implicitly has an 'any' type.
src/screens/details/AdvanceCollectionScreen.tsx(371,64): error TS7006: Parameter 'c' implicitly has an 'any' type.
src/screens/details/AdvanceCollectionScreen.tsx(372,75): error TS7006: Parameter 'c' implicitly has an 'any' type.
src/screens/details/AdvanceCollectionScreen.tsx(401,50): error TS7006: Parameter 'contribution' implicitly has an 'any' type.
src/screens/details/AdvanceCollectionScreen.tsx(501,37): error TS7006: Parameter 'collection' implicitly has an 'any' type.
src/screens/details/BulkPaymentStatsScreen.tsx(66,55): error TS7006: Parameter 'c' implicitly has an 'any' type.
src/screens/details/BulkPaymentStatsScreen.tsx(67,58): error TS7006: Parameter 'c' implicitly has an 'any' type.
src/screens/details/BulkPaymentStatsScreen.tsx(68,64): error TS7006: Parameter 'c' implicitly has an 'any' type.
src/screens/details/BulkPaymentStatsScreen.tsx(69,34): error TS7006: Parameter 'contrib' implicitly has an 'any' type.
src/screens/details/BulkPaymentStatsScreen.tsx(167,45): error TS7006: Parameter 'collection' implicitly has an 'any' type.
src/screens/details/BulkPaymentStatsScreen.tsx(169,17): error TS7006: Parameter 'c' implicitly has an 'any' type.
src/screens/details/BulkPaymentStatsScreen.tsx(201,36): error TS7006: Parameter 'collection' implicitly has an 'any' type.
src/screens/details/BulkPaymentStatsScreen.tsx(202,66): error TS7006: Parameter 'c' implicitly has an 'any' type.
src/screens/details/BulkPaymentStatsScreen.tsx(256,51): error TS7006: Parameter 'collection' implicitly has an 'any' type.
src/screens/details/BulkSettlementScreen.tsx(157,31): error TS7006: Parameter 'member' implicitly has an 'any' type.
src/screens/details/BulkSettlementScreen.tsx(189,53): error TS7006: Parameter 'debt' implicitly has an 'any' type.
src/screens/details/ExpenseDetailsScreen.tsx(142,48): error TS7006: Parameter 's' implicitly has an 'any' type.
src/screens/details/ExpenseDetailsScreen.tsx(145,52): error TS7006: Parameter 's' implicitly has an 'any' type.
src/screens/details/ExpenseDetailsScreen.tsx(272,43): error TS7006: Parameter 'split' implicitly has an 'any' type.
src/screens/details/ExpenseDetailsScreen.tsx(272,50): error TS7006: Parameter 'index' implicitly has an 'any' type.
src/screens/details/GroupDetailsScreen.tsx(227,41): error TS7006: Parameter 'e' implicitly has an 'any' type.
src/screens/details/GroupDetailsScreen.tsx(228,44): error TS7006: Parameter 'sum' implicitly has an 'any' type.
src/screens/details/GroupDetailsScreen.tsx(228,49): error TS7006: Parameter 'exp' implicitly has an 'any' type.
src/screens/details/GroupDetailsScreen.tsx(229,35): error TS7006: Parameter 'b' implicitly has an 'any' type.
src/screens/details/GroupDetailsScreen.tsx(426,40): error TS7006: Parameter 'member' implicitly has an 'any' type.
src/screens/details/GroupDetailsScreen.tsx(427,49): error TS7006: Parameter 'b' implicitly has an 'any' type.
src/screens/details/GroupDetailsScreen.tsx(539,44): error TS7006: Parameter 'expense' implicitly has an 'any' type.
src/screens/details/SingleGroupDetailsScreen.tsx(77,43): error TS7006: Parameter 'e' implicitly has an 'any' type.
src/screens/details/SingleGroupDetailsScreen.tsx(80,51): error TS7006: Parameter 'expense' implicitly has an 'any' type.
src/screens/details/SingleGroupDetailsScreen.tsx(82,50): error TS7006: Parameter 's' implicitly has an 'any' type.
src/screens/details/SingleGroupDetailsScreen.tsx(95,49): error TS7006: Parameter 'sum' implicitly has an 'any' type.
src/screens/details/SingleGroupDetailsScreen.tsx(95,54): error TS7006: Parameter 'exp' implicitly has an 'any' type.
src/screens/details/SingleGroupDetailsScreen.tsx(96,50): error TS7006: Parameter 'e' implicitly has an 'any' type.
src/screens/details/SingleGroupDetailsScreen.tsx(96,71): error TS7006: Parameter 's' implicitly has an 'any' type.
src/screens/details/SingleGroupDetailsScreen.tsx(97,50): error TS7006: Parameter 'e' implicitly has an 'any' type.
src/screens/details/SingleGroupDetailsScreen.tsx(97,70): error TS7006: Parameter 's' implicitly has an 'any' type.
src/screens/details/SingleGroupDetailsScreen.tsx(98,37): error TS7006: Parameter 'b' implicitly has an 'any' type.
src/screens/details/SingleGroupDetailsScreen.tsx(102,17): error TS7006: Parameter 'e' implicitly has an 'any' type.
src/screens/details/SingleGroupDetailsScreen.tsx(103,18): error TS7006: Parameter 'sum' implicitly has an 'any' type.
src/screens/details/SingleGroupDetailsScreen.tsx(103,23): error TS7006: Parameter 'exp' implicitly has an 'any' type.
src/screens/details/SingleGroupDetailsScreen.tsx(106,18): error TS7006: Parameter 'sum' implicitly has an 'any' type.
src/screens/details/SingleGroupDetailsScreen.tsx(106,23): error TS7006: Parameter 'exp' implicitly has an 'any' type.
src/screens/details/SingleGroupDetailsScreen.tsx(107,46): error TS7006: Parameter 's' implicitly has an 'any' type.
src/screens/details/SingleGroupDetailsScreen.tsx(112,53): error TS7006: Parameter 'acc' implicitly has an 'any' type.
src/screens/details/SingleGroupDetailsScreen.tsx(112,58): error TS7006: Parameter 'expense' implicitly has an 'any' type.
src/screens/details/SingleGroupDetailsScreen.tsx(237,57): error TS18046: 'b' is of type 'unknown'.
src/screens/details/SingleGroupDetailsScreen.tsx(237,67): error TS18046: 'a' is of type 'unknown'.
src/screens/details/SingleGroupDetailsScreen.tsx(239,58): error TS18046: 'data' is of type 'unknown'.
src/screens/details/SingleGroupDetailsScreen.tsx(243,84): error TS18046: 'data' is of type 'unknown'.
src/screens/details/SingleGroupDetailsScreen.tsx(249,58): error TS18046: 'data' is of type 'unknown'.
src/screens/details/SingleGroupDetailsScreen.tsx(249,71): error TS18046: 'data' is of type 'unknown'.
src/screens/details/SingleGroupDetailsScreen.tsx(255,55): error TS18046: 'data' is of type 'unknown'.
src/screens/details/SingleGroupDetailsScreen.tsx(327,62): error TS7006: Parameter 's' implicitly has an 'any' type.
src/screens/details/SingleGroupDetailsScreen.tsx(329,66): error TS7006: Parameter 's' implicitly has an 'any' type.
src/screens/details/SingleGroupExpenseDetailsScreen.tsx(155,50): error TS7006: Parameter 's' implicitly has an 'any' type.
src/screens/details/SingleGroupExpenseDetailsScreen.tsx(158,54): error TS7006: Parameter 's' implicitly has an 'any' type.
src/screens/details/SingleGroupExpenseDetailsScreen.tsx(331,55): error TS7006: Parameter 'split' implicitly has an 'any' type.
src/screens/details/SingleGroupExpenseDetailsScreen.tsx(331,62): error TS7006: Parameter 'index' implicitly has an 'any' type.
src/screens/forms/AddExpenseScreen.tsx(96,34): error TS7006: Parameter 'g' implicitly has an 'any' type.
src/screens/forms/AddExpenseScreen.tsx(98,46): error TS7006: Parameter 'm' implicitly has an 'any' type.
src/screens/forms/AddExpenseScreen.tsx(102,28): error TS7006: Parameter 'id' implicitly has an 'any' type.
src/screens/forms/AddExpenseScreen.tsx(307,38): error TS7006: Parameter 'g' implicitly has an 'any' type.
src/screens/forms/AddExpenseScreen.tsx(375,32): error TS7006: Parameter 'group' implicitly has an 'any' type.
src/screens/forms/AddExpenseScreen.tsx(414,36): error TS7006: Parameter 'category' implicitly has an 'any' type.
src/screens/forms/AddExpenseScreen.tsx(468,50): error TS7006: Parameter 'member' implicitly has an 'any' type.
src/screens/forms/AddFoodExpenseScreen.tsx(92,33): error TS7006: Parameter 'g' implicitly has an 'any' type.
src/screens/forms/AddFoodExpenseScreen.tsx(94,45): error TS7006: Parameter 'm' implicitly has an 'any' type.
src/screens/forms/AddFoodExpenseScreen.tsx(98,27): error TS7006: Parameter 'id' implicitly has an 'any' type.
src/screens/forms/AddFoodExpenseScreen.tsx(303,44): error TS7006: Parameter 'cat' implicitly has an 'any' type.
src/screens/forms/AddFoodExpenseScreen.tsx(364,37): error TS7006: Parameter 'g' implicitly has an 'any' type.
src/screens/forms/AddFoodExpenseScreen.tsx(365,37): error TS7006: Parameter 'h' implicitly has an 'any' type.
src/screens/forms/AddFoodExpenseScreen.tsx(369,63): error TS7006: Parameter 'item' implicitly has an 'any' type.
src/screens/forms/AddFoodExpenseScreen.tsx(412,25): error TS7006: Parameter 'group' implicitly has an 'any' type.
src/screens/forms/AddFoodExpenseScreen.tsx(436,25): error TS7006: Parameter 'hotel' implicitly has an 'any' type.
src/screens/forms/AddFoodExpenseScreen.tsx(551,33): error TS7006: Parameter 'method' implicitly has an 'any' type.
src/screens/forms/AddFoodExpenseScreen.tsx(595,43): error TS7006: Parameter 'member' implicitly has an 'any' type.
src/screens/forms/AddFoodExpenseScreen.tsx(703,37): error TS7006: Parameter 'menuItem' implicitly has an 'any' type.
src/screens/forms/AddPersonalTransactionScreen.tsx(85,48): error TS7006: Parameter 'c' implicitly has an 'any' type.
src/screens/forms/AddPersonalTransactionScreen.tsx(249,36): error TS7006: Parameter 'category' implicitly has an 'any' type.
src/screens/forms/EditExpenseScreen.tsx(80,54): error TS7006: Parameter 's' implicitly has an 'any' type.
src/screens/forms/EditExpenseScreen.tsx(85,42): error TS7006: Parameter 'split' implicitly has an 'any' type.
src/screens/forms/EditExpenseScreen.tsx(304,44): error TS7006: Parameter 'c' implicitly has an 'any' type.
src/screens/forms/EditExpenseScreen.tsx(385,29): error TS7006: Parameter 'category' implicitly has an 'any' type.
src/screens/forms/EditExpenseScreen.tsx(421,39): error TS7006: Parameter 'member' implicitly has an 'any' type.
src/screens/forms/EditPaymentMethodScreen.tsx(66,40): error TS7006: Parameter 'm' implicitly has an 'any' type.
src/screens/forms/EditPersonalTransactionScreen.tsx(49,41): error TS7006: Parameter 't' implicitly has an 'any' type.
src/screens/forms/EditPersonalTransactionScreen.tsx(112,48): error TS7006: Parameter 'c' implicitly has an 'any' type.
src/screens/forms/EditPersonalTransactionScreen.tsx(281,13): error TS7006: Parameter 'c' implicitly has an 'any' type.
src/screens/forms/EditPersonalTransactionScreen.tsx(349,36): error TS7006: Parameter 'category' implicitly has an 'any' type.
src/screens/forms/EditPersonalTransactionScreen.tsx(404,79): error TS2339: Property 'warning' does not exist on type 'MD3Colors'.
src/screens/main/DashboardScreen.tsx(124,13): error TS7006: Parameter 't' implicitly has an 'any' type.
src/screens/main/DashboardScreen.tsx(125,14): error TS7006: Parameter 'sum' implicitly has an 'any' type.
src/screens/main/DashboardScreen.tsx(125,19): error TS7006: Parameter 't' implicitly has an 'any' type.
src/screens/main/DashboardScreen.tsx(128,13): error TS7006: Parameter 't' implicitly has an 'any' type.
src/screens/main/DashboardScreen.tsx(129,14): error TS7006: Parameter 'sum' implicitly has an 'any' type.
src/screens/main/DashboardScreen.tsx(129,19): error TS7006: Parameter 't' implicitly has an 'any' type.
src/screens/main/DashboardScreen.tsx(132,39): error TS7006: Parameter 'exp' implicitly has an 'any' type.
src/screens/main/DashboardScreen.tsx(134,6): error TS7006: Parameter 'sum' implicitly has an 'any' type.
src/screens/main/DashboardScreen.tsx(134,11): error TS7006: Parameter 'exp' implicitly has an 'any' type.
src/screens/main/DashboardScreen.tsx(138,38): error TS7006: Parameter 'sum' implicitly has an 'any' type.
src/screens/main/DashboardScreen.tsx(138,43): error TS7006: Parameter 'exp' implicitly has an 'any' type.
src/screens/main/DashboardScreen.tsx(140,41): error TS7006: Parameter 's' implicitly has an 'any' type.
src/screens/main/DashboardScreen.tsx(148,44): error TS7006: Parameter 'sum' implicitly has an 'any' type.
src/screens/main/DashboardScreen.tsx(148,49): error TS7006: Parameter 'exp' implicitly has an 'any' type.
src/screens/main/DashboardScreen.tsx(151,19): error TS7006: Parameter 's' implicitly has an 'any' type.
src/screens/main/DashboardScreen.tsx(152,18): error TS7006: Parameter 'splitSum' implicitly has an 'any' type.
src/screens/main/DashboardScreen.tsx(152,28): error TS7006: Parameter 'split' implicitly has an 'any' type.
src/screens/main/DashboardScreen.tsx(441,35): error TS7006: Parameter 'group' implicitly has an 'any' type.
src/screens/main/DashboardScreen.tsx(485,44): error TS7006: Parameter 'transaction' implicitly has an 'any' type.
src/screens/main/DashboardScreen.tsx(546,32): error TS7006: Parameter 'expense' implicitly has an 'any' type.
src/screens/main/ExpensesScreen.tsx(74,44): error TS7006: Parameter 'expense' implicitly has an 'any' type.
src/screens/main/ExpensesScreen.tsx(80,47): error TS7006: Parameter 's' implicitly has an 'any' type.
src/screens/main/ExpensesScreen.tsx(88,62): error TS7006: Parameter 'expense' implicitly has an 'any' type.
src/screens/main/ExpensesScreen.tsx(136,32): error TS7006: Parameter 'g' implicitly has an 'any' type.
src/screens/main/GroupsScreen.tsx(97,34): error TS7006: Parameter 'group' implicitly has an 'any' type.
src/screens/main/GroupsScreen.tsx(104,42): error TS7006: Parameter 'group' implicitly has an 'any' type.
src/screens/main/MessagesScreen.tsx(92,38): error TS2448: Block-scoped variable 'setupRealtimeSubscriptions' used before its declaration.
src/screens/main/MessagesScreen.tsx(92,38): error TS2454: Variable 'setupRealtimeSubscriptions' is used before being assigned.
src/screens/main/MessagesScreen.tsx(106,31): error TS2339: Property 'length' does not exist on type '{}'.
src/screens/main/MessagesScreen.tsx(107,26): error TS2345: Argument of type '{}' is not assignable to parameter of type 'SetStateAction<ConversationWithDetails[]>'.
src/screens/main/PersonalFinanceScreen.tsx(123,52): error TS7006: Parameter 't' implicitly has an 'any' type.
src/screens/main/PersonalFinanceScreen.tsx(131,57): error TS7006: Parameter 't' implicitly has an 'any' type.
src/screens/main/PersonalFinanceScreen.tsx(138,13): error TS7006: Parameter 't' implicitly has an 'any' type.
src/screens/main/PersonalFinanceScreen.tsx(139,14): error TS7006: Parameter 'sum' implicitly has an 'any' type.
src/screens/main/PersonalFinanceScreen.tsx(139,19): error TS7006: Parameter 't' implicitly has an 'any' type.
src/screens/main/PersonalFinanceScreen.tsx(142,13): error TS7006: Parameter 't' implicitly has an 'any' type.
src/screens/main/PersonalFinanceScreen.tsx(143,14): error TS7006: Parameter 'sum' implicitly has an 'any' type.
src/screens/main/PersonalFinanceScreen.tsx(143,19): error TS7006: Parameter 't' implicitly has an 'any' type.
src/screens/main/PersonalFinanceScreen.tsx(149,13): error TS7006: Parameter 't' implicitly has an 'any' type.
src/screens/main/PersonalFinanceScreen.tsx(150,14): error TS7006: Parameter 'sum' implicitly has an 'any' type.
src/screens/main/PersonalFinanceScreen.tsx(150,19): error TS7006: Parameter 't' implicitly has an 'any' type.
src/screens/main/PersonalFinanceScreen.tsx(153,13): error TS7006: Parameter 't' implicitly has an 'any' type.
src/screens/main/PersonalFinanceScreen.tsx(154,14): error TS7006: Parameter 'sum' implicitly has an 'any' type.
src/screens/main/PersonalFinanceScreen.tsx(154,19): error TS7006: Parameter 't' implicitly has an 'any' type.
src/screens/main/PersonalFinanceScreen.tsx(160,29): error TS7006: Parameter 'transaction' implicitly has an 'any' type.
src/screens/main/PersonalFinanceScreen.tsx(184,38): error TS7006: Parameter 'c' implicitly has an 'any' type.
src/services/chat.service.ts(36,7): error TS2740: Type '{}' is missing the following properties from type 'ConversationWithDetails[]': length, pop, push, concat, and 35 more.
src/services/notifications.service.ts(9,35): error TS2322: Type 'Promise<{ shouldShowAlert: true; shouldPlaySound: true; shouldSetBadge: true; }>' is not assignable to type 'Promise<NotificationBehavior>'.
  Type '{ shouldShowAlert: true; shouldPlaySound: true; shouldSetBadge: true; }' is missing the following properties from type 'NotificationBehavior': shouldShowBanner, shouldShowList
src/services/storage.service.ts(86,7): error TS4104: The type 'readonly string[]' is 'readonly' and cannot be assigned to the mutable type 'string[]'.
src/services/storage.service.ts(323,23): error TS2339: Property 'filter' does not exist on type '{}'.
src/store/index.ts(17,14): error TS7022: 'store' implicitly has type 'any' because it does not have a type annotation and is referenced directly or indirectly in its own initializer.
src/store/index.ts(29,3): error TS7023: 'middleware' implicitly has return type 'any' because it does not have a return type annotation and is referenced directly or indirectly in one of its return expressions.
src/store/index.ts(43,13): error TS2456: Type alias 'RootState' circularly references itself.
src/store/middleware/offlineMiddleware.ts(63,14): error TS2502: 'offlineMiddleware' is referenced directly or indirectly in its own type annotation.
src/store/middleware/offlineMiddleware.ts(67,22): error TS18046: 'action' is of type 'unknown'.
src/store/Provider.tsx(32,46): error TS2339: Property 'length' does not exist on type '{}'.
src/store/Provider.tsx(33,47): error TS2345: Argument of type '{}' is not assignable to parameter of type 'ExpenseWithDetails[]'.
  Type '{}' is missing the following properties from type 'ExpenseWithDetails[]': length, pop, push, concat, and 35 more.
src/store/Provider.tsx(38,50): error TS2339: Property 'length' does not exist on type '{}'.
src/store/Provider.tsx(39,49): error TS2345: Argument of type '{}' is not assignable to parameter of type 'ExpenseCategory[]'.
  Type '{}' is missing the following properties from type 'ExpenseCategory[]': length, pop, push, concat, and 35 more.
src/store/Provider.tsx(44,52): error TS2339: Property 'length' does not exist on type '{}'.
src/store/Provider.tsx(45,50): error TS2345: Argument of type '{}' is not assignable to parameter of type 'Settlement[]'.
  Type '{}' is missing the following properties from type 'Settlement[]': length, pop, push, concat, and 35 more.
src/store/Provider.tsx(50,42): error TS2339: Property 'length' does not exist on type '{}'.
src/store/Provider.tsx(51,45): error TS2345: Argument of type '{}' is not assignable to parameter of type 'GroupWithMembers[]'.
  Type '{}' is missing the following properties from type 'GroupWithMembers[]': length, pop, push, concat, and 35 more.
src/store/Provider.tsx(56,54): error TS2339: Property 'length' does not exist on type '{}'.
src/store/Provider.tsx(57,51): error TS2345: Argument of type '{}' is not assignable to parameter of type 'PersonalTransaction[]'.
  Type '{}' is missing the following properties from type 'PersonalTransaction[]': length, pop, push, concat, and 35 more.
src/store/Provider.tsx(62,66): error TS2339: Property 'length' does not exist on type '{}'.
src/store/Provider.tsx(63,57): error TS2345: Argument of type '{}' is not assignable to parameter of type 'PersonalCategory[]'.
  Type '{}' is missing the following properties from type 'PersonalCategory[]': length, pop, push, concat, and 35 more.
src/store/Provider.tsx(69,54): error TS2345: Argument of type '{}' is not assignable to parameter of type 'UserCompleteBalance'.
  Type '{}' is missing the following properties from type 'UserCompleteBalance': user_id, total_income, total_personal_expenses, total_group_paid, and 3 more.
src/store/Provider.tsx(74,42): error TS2339: Property 'length' does not exist on type '{}'.
src/store/Provider.tsx(75,45): error TS2345: Argument of type '{}' is not assignable to parameter of type 'HotelWithMenu[]'.
  Type '{}' is missing the following properties from type 'HotelWithMenu[]': length, pop, push, concat, and 35 more.
src/store/Provider.tsx(80,56): error TS2339: Property 'length' does not exist on type '{}'.
src/store/Provider.tsx(81,52): error TS2345: Argument of type '{}' is not assignable to parameter of type 'Notification[]'.
  Type '{}' is missing the following properties from type 'Notification[]': length, pop, push, concat, and 35 more.
src/store/Provider.tsx(120,62): error TS2339: Property 'length' does not exist on type '{}'.
src/store/Provider.tsx(121,57): error TS2345: Argument of type '{}' is not assignable to parameter of type 'UserPaymentMethod[]'.
  Type '{}' is missing the following properties from type 'UserPaymentMethod[]': length, pop, push, concat, and 35 more.
src/store/slices/authSlice.ts(30,95): error TS2339: Property 'invitationToken' does not exist on type 'SignUpData'.
src/store/slices/expensesSlice.ts(52,31): error TS2339: Property 'filter' does not exist on type '{}'.
src/store/slices/expensesSlice.ts(55,31): error TS2339: Property 'filter' does not exist on type '{}'.
src/store/slices/expensesSlice.ts(58,31): error TS2339: Property 'filter' does not exist on type '{}'.
src/store/slices/expensesSlice.ts(61,31): error TS2339: Property 'filter' does not exist on type '{}'.
src/store/slices/expensesSlice.ts(61,60): error TS18048: 'filters.date_from' is possibly 'undefined'.
src/store/slices/expensesSlice.ts(64,31): error TS2339: Property 'filter' does not exist on type '{}'.
src/store/slices/expensesSlice.ts(64,60): error TS18048: 'filters.date_to' is possibly 'undefined'.
src/store/slices/expensesSlice.ts(68,31): error TS2339: Property 'filter' does not exist on type '{}'.
src/store/slices/expensesSlice.ts(93,46): error TS2339: Property 'findIndex' does not exist on type '{}'.
src/store/slices/expensesSlice.ts(95,11): error TS7053: Element implicitly has an 'any' type because expression of type 'any' can't be used to index type '{}'.
src/store/slices/expensesSlice.ts(97,27): error TS2339: Property 'push' does not exist on type '{}'.
src/store/slices/expensesSlice.ts(99,42): error TS2345: Argument of type '{}' is not assignable to parameter of type 'any[]'.
  Type '{}' is missing the following properties from type 'any[]': length, pop, push, concat, and 35 more.
src/store/slices/expensesSlice.ts(108,36): error TS2339: Property 'find' does not exist on type '{}'.
src/store/slices/expensesSlice.ts(130,66): error TS2488: Type '{}' must have a '[Symbol.iterator]()' method that returns an iterator.
src/store/slices/expensesSlice.ts(164,55): error TS2488: Type '{}' must have a '[Symbol.iterator]()' method that returns an iterator.
src/store/slices/expensesSlice.ts(182,66): error TS2488: Type '{}' must have a '[Symbol.iterator]()' method that returns an iterator.
src/store/slices/expensesSlice.ts(203,7): error TS2322: Type 'string | undefined' is not assignable to type 'string'.
  Type 'undefined' is not assignable to type 'string'.
src/store/slices/expensesSlice.ts(211,7): error TS2322: Type '{ id: string; expense_id: string; user_id: string; amount: number | undefined; percentage: null; shares: null; is_settled: false; created_at: string; user: any; }[]' is not assignable to type 'ExpenseSplit[]'.
  Property 'settled_at' is missing in type '{ id: string; expense_id: string; user_id: string; amount: number | undefined; percentage: null; shares: null; is_settled: false; created_at: string; user: any; }' but required in type 'ExpenseSplit'.
src/store/slices/expensesSlice.ts(243,55): error TS2488: Type '{}' must have a '[Symbol.iterator]()' method that returns an iterator.
src/store/slices/expensesSlice.ts(304,51): error TS2339: Property 'map' does not exist on type '{}'.
src/store/slices/expensesSlice.ts(317,47): error TS2339: Property 'find' does not exist on type '{}'.
src/store/slices/expensesSlice.ts(342,49): error TS2339: Property 'map' does not exist on type '{}'.
src/store/slices/expensesSlice.ts(370,58): error TS2339: Property 'filter' does not exist on type '{}'.
src/store/slices/expensesSlice.ts(380,45): error TS2339: Property 'find' does not exist on type '{}'.
src/store/slices/expensesSlice.ts(384,56): error TS2339: Property 'filter' does not exist on type '{}'.
src/store/slices/expensesSlice.ts(430,61): error TS2488: Type '{}' must have a '[Symbol.iterator]()' method that returns an iterator.
src/store/slices/expensesSlice.ts(438,11): error TS2739: Type '{ settled_at: string; created_at: string; group_id: string; from_user: string; to_user: string; amount: number; notes?: string | undefined; related_expense_ids?: string[] | undefined; id: string; }' is missing the following properties from type 'Settlement': is_bulk, bulk_settlement_id
src/store/slices/expensesSlice.ts(449,61): error TS2488: Type '{}' must have a '[Symbol.iterator]()' method that returns an iterator.
src/store/slices/expensesSlice.ts(482,34): error TS2339: Property 'filter' does not exist on type '{}'.
src/store/slices/expensesSlice.ts(535,7): error TS2740: Type '{}' is missing the following properties from type 'WritableDraft<ExpenseWithDetails>[]': length, pop, push, concat, and 35 more.
src/store/slices/expensesSlice.ts(580,7): error TS2740: Type '{}' is missing the following properties from type 'WritableDraft<ExpenseCategory>[]': length, pop, push, concat, and 35 more.
src/store/slices/groupsSlice.ts(69,62): error TS2488: Type '{}' must have a '[Symbol.iterator]()' method that returns an iterator.
src/store/slices/groupsSlice.ts(84,7): error TS2353: Object literal may only specify known properties, and 'created_by_profile' does not exist in type 'GroupWithMembers'.
src/store/slices/groupsSlice.ts(92,51): error TS2488: Type '{}' must have a '[Symbol.iterator]()' method that returns an iterator.
src/store/slices/groupsSlice.ts(111,45): error TS2339: Property 'map' does not exist on type '{}'.
src/store/slices/groupsSlice.ts(123,41): error TS2339: Property 'find' does not exist on type '{}'.
src/store/slices/groupsSlice.ts(128,43): error TS2339: Property 'map' does not exist on type '{}'.
src/store/slices/groupsSlice.ts(151,54): error TS2339: Property 'filter' does not exist on type '{}'.
src/store/slices/groupsSlice.ts(161,50): error TS2339: Property 'filter' does not exist on type '{}'.
src/store/slices/groupsSlice.ts(221,7): error TS2740: Type '{}' is missing the following properties from type 'WritableDraft<GroupWithMembers>[]': length, pop, push, concat, and 35 more.
src/store/slices/hotelsSlice.ts(73,62): error TS2488: Type '{}' must have a '[Symbol.iterator]()' method that returns an iterator.
src/store/slices/hotelsSlice.ts(95,51): error TS2488: Type '{}' must have a '[Symbol.iterator]()' method that returns an iterator.
src/store/slices/hotelsSlice.ts(150,7): error TS2740: Type '{}' is missing the following properties from type 'WritableDraft<HotelWithMenu>[]': length, pop, push, concat, and 35 more.
src/store/slices/notificationsSlice.ts(58,39): error TS2339: Property 'map' does not exist on type '{}'.
src/store/slices/notificationsSlice.ts(71,35): error TS2339: Property 'map' does not exist on type '{}'.
src/store/slices/notificationsSlice.ts(103,39): error TS2339: Property 'filter' does not exist on type '{}'.
src/store/slices/notificationsSlice.ts(114,35): error TS2339: Property 'filter' does not exist on type '{}'.
src/store/slices/notificationsSlice.ts(146,7): error TS2740: Type '{}' is missing the following properties from type 'WritableDraft<Notification>[]': length, pop, push, concat, and 35 more.
src/store/slices/notificationsSlice.ts(147,42): error TS2339: Property 'filter' does not exist on type '{}'.
src/store/slices/notificationsSlice.ts(147,49): error TS7006: Parameter 'n' implicitly has an 'any' type.
src/store/slices/paymentMethodsSlice.ts(69,60): error TS2488: Type '{}' must have a '[Symbol.iterator]()' method that returns an iterator.
src/store/slices/paymentMethodsSlice.ts(77,11): error TS2322: Type '{ created_at: string; updated_at: string; method_type: PaymentMethodType; is_default?: boolean; bank_name?: string; account_title?: string; account_number?: string; ... 7 more ...; user_id: string; }' is not assignable to type 'UserPaymentMethod'.
  Types of property 'is_default' are incompatible.
    Type 'boolean | undefined' is not assignable to type 'boolean'.
      Type 'undefined' is not assignable to type 'boolean'.
src/store/slices/paymentMethodsSlice.ts(87,60): error TS2488: Type '{}' must have a '[Symbol.iterator]()' method that returns an iterator.
src/store/slices/paymentMethodsSlice.ts(103,47): error TS2339: Property 'map' does not exist on type '{}'.
src/store/slices/paymentMethodsSlice.ts(115,43): error TS2339: Property 'find' does not exist on type '{}'.
src/store/slices/paymentMethodsSlice.ts(120,45): error TS2339: Property 'map' does not exist on type '{}'.
src/store/slices/paymentMethodsSlice.ts(142,47): error TS2339: Property 'map' does not exist on type '{}'.
src/store/slices/paymentMethodsSlice.ts(155,43): error TS2339: Property 'find' does not exist on type '{}'.
src/store/slices/paymentMethodsSlice.ts(159,45): error TS2339: Property 'map' does not exist on type '{}'.
src/store/slices/paymentMethodsSlice.ts(170,28): error TS2488: Type '{}' must have a '[Symbol.iterator]()' method that returns an iterator.
src/store/slices/paymentMethodsSlice.ts(200,63): error TS2339: Property 'filter' does not exist on type '{}'.
src/store/slices/paymentMethodsSlice.ts(210,59): error TS2339: Property 'filter' does not exist on type '{}'.
src/store/slices/paymentMethodsSlice.ts(236,7): error TS2740: Type '{}' is missing the following properties from type 'WritableDraft<UserPaymentMethod>[]': length, pop, push, concat, and 35 more.
src/store/slices/paymentMethodsSlice.ts(239,44): error TS2339: Property 'find' does not exist on type '{}'.
src/store/slices/paymentMethodsSlice.ts(239,49): error TS7006: Parameter 'm' implicitly has an 'any' type.
src/store/slices/personalFinanceSlice.ts(71,73): error TS2488: Type '{}' must have a '[Symbol.iterator]()' method that returns an iterator.
src/store/slices/personalFinanceSlice.ts(79,13): error TS2322: Type '{ date: string; created_at: string; updated_at: string; type: "income" | "expense"; category: string; amount: number; description: string; notes?: string; id: string; user_id: string; }' is not assignable to type 'PersonalTransaction'.
  Types of property 'notes' are incompatible.
    Type 'string | undefined' is not assignable to type 'string | null'.
      Type 'undefined' is not assignable to type 'string | null'.
src/store/slices/personalFinanceSlice.ts(92,73): error TS2488: Type '{}' must have a '[Symbol.iterator]()' method that returns an iterator.
src/store/slices/personalFinanceSlice.ts(116,59): error TS2339: Property 'map' does not exist on type '{}'.
src/store/slices/personalFinanceSlice.ts(128,55): error TS2339: Property 'find' does not exist on type '{}'.
src/store/slices/personalFinanceSlice.ts(133,57): error TS2339: Property 'map' does not exist on type '{}'.
src/store/slices/personalFinanceSlice.ts(159,76): error TS2339: Property 'filter' does not exist on type '{}'.
src/store/slices/personalFinanceSlice.ts(169,72): error TS2339: Property 'filter' does not exist on type '{}'.
src/store/slices/personalFinanceSlice.ts(263,7): error TS2740: Type '{}' is missing the following properties from type 'WritableDraft<PersonalTransaction>[]': length, pop, push, concat, and 35 more.
src/store/slices/personalFinanceSlice.ts(299,7): error TS2740: Type '{}' is missing the following properties from type 'WritableDraft<PersonalCategory>[]': length, pop, push, concat, and 35 more.
src/store/slices/personalFinanceSlice.ts(304,7): error TS2740: Type '{}' is missing the following properties from type 'WritableDraft<UserCompleteBalance>': user_id, total_income, total_personal_expenses, total_group_paid, and 3 more.
supabase/functions/send-invitation-email/index.ts(2,23): error TS2307: Cannot find module 'https://deno.land/std@0.168.0/http/server.ts' or its corresponding type declarations.
